// Jest Snapshot v1, https://goo.gl/fbAQLP

exports[`ProductListItem renders and matches the snapshot 1`] = `
<DocumentFragment>
  <article
    aria-labelledby="product-heading-galaxy-s9-plus-replacement-battery"
    class="chakra-linkbox css-10n1vic"
    role="group"
  >
    <div
      class="css-mnl840"
    >
      <div
        class="css-1vy26t"
      >
        <span
          style="box-sizing: border-box; display: inline-block; overflow: hidden; background: none; opacity: 1; border: 0px; margin: 0px; padding: 0px; position: relative; max-width: 100%;"
        >
          <span
            style="box-sizing: border-box; display: block; background: none; opacity: 1; border: 0px; margin: 0px; padding: 0px; max-width: 100%;"
          >
            <img
              alt=""
              aria-hidden="true"
              src="data:image/svg+xml,%3csvg%20xmlns=%27http://www.w3.org/2000/svg%27%20version=%271.1%27%20width=%27320%27%20height=%27320%27/%3e"
              style="display: block; max-width: 100%; background: none; opacity: 1; border: 0px; margin: 0px; padding: 0px;"
            />
          </span>
          <img
            alt="Galaxy S9+ Battery"
            data-nimg="intrinsic"
            decoding="async"
            src="data:image/gif;base64,R0lGODlhAQABAIAAAAAAAP///yH5BAEAAAAALAAAAAABAAEAAAIBRAA7"
            style="position: absolute; top: 0px; left: 0px; bottom: 0px; right: 0px; box-sizing: border-box; padding: 0px; margin: auto; display: block; width: 0px; height: 0px; min-width: 100%; max-width: 100%; min-height: 100%; max-height: 100%; object-fit: contain;"
          />
          <noscript />
        </span>
      </div>
      <div
        class="chakra-stack css-1ryy1c1"
      >
        <div
          class="css-1c6uy1d"
        >
          <div
            class="chakra-stack css-16syxvt"
          >
            <div
              class="css-j7qwjs"
            >
              <h3
                class="chakra-heading css-10ht6wa"
                id="product-heading-galaxy-s9-plus-replacement-battery"
              >
                Galaxy S9+ Battery
              </h3>
              <p
                class="chakra-text css-a5k9pc"
              >
                Replace a dead or malfunctioning model EB-BG96aasd5ABE battery in a Samsung Galaxy S9 Plus smartphone.
              </p>
            </div>
            <div
              class="chakra-stack css-84zodg"
              data-testid="reviewStars"
            >
              <div
                class="chakra-stack css-134p2gk"
              >
                <svg
                  aria-hidden="true"
                  class="svg-inline--fa fa-star  css-86s11o"
                  data-icon="star"
                  data-prefix="fas"
                  focusable="false"
                  role="img"
                  viewBox="0 0 576 512"
                  xmlns="http://www.w3.org/2000/svg"
                >
                  <path
                    d="M316.9 18C311.6 7 300.4 0 288.1 0s-23.4 7-28.8 18L195 150.3 51.4 171.5c-12 1.8-22 10.2-25.7 21.7s-.7 24.2 7.9 32.7L137.8 329 113.2 474.7c-2 12 3 24.2 12.9 31.3s23 8 33.8 2.3l128.3-68.5 128.3 68.5c10.8 5.7 23.9 4.9 33.8-2.3s14.9-19.3 12.9-31.3L438.5 329 542.7 225.9c8.6-8.5 11.7-21.2 7.9-32.7s-13.7-19.9-25.7-21.7L381.2 150.3 316.9 18z"
                    fill="currentColor"
                  />
                </svg>
                <svg
                  aria-hidden="true"
                  class="svg-inline--fa fa-star  css-86s11o"
                  data-icon="star"
                  data-prefix="fas"
                  focusable="false"
                  role="img"
                  viewBox="0 0 576 512"
                  xmlns="http://www.w3.org/2000/svg"
                >
                  <path
                    d="M316.9 18C311.6 7 300.4 0 288.1 0s-23.4 7-28.8 18L195 150.3 51.4 171.5c-12 1.8-22 10.2-25.7 21.7s-.7 24.2 7.9 32.7L137.8 329 113.2 474.7c-2 12 3 24.2 12.9 31.3s23 8 33.8 2.3l128.3-68.5 128.3 68.5c10.8 5.7 23.9 4.9 33.8-2.3s14.9-19.3 12.9-31.3L438.5 329 542.7 225.9c8.6-8.5 11.7-21.2 7.9-32.7s-13.7-19.9-25.7-21.7L381.2 150.3 316.9 18z"
                    fill="currentColor"
                  />
                </svg>
                <svg
                  aria-hidden="true"
                  class="svg-inline--fa fa-star  css-86s11o"
                  data-icon="star"
                  data-prefix="fas"
                  focusable="false"
                  role="img"
                  viewBox="0 0 576 512"
                  xmlns="http://www.w3.org/2000/svg"
                >
                  <path
                    d="M316.9 18C311.6 7 300.4 0 288.1 0s-23.4 7-28.8 18L195 150.3 51.4 171.5c-12 1.8-22 10.2-25.7 21.7s-.7 24.2 7.9 32.7L137.8 329 113.2 474.7c-2 12 3 24.2 12.9 31.3s23 8 33.8 2.3l128.3-68.5 128.3 68.5c10.8 5.7 23.9 4.9 33.8-2.3s14.9-19.3 12.9-31.3L438.5 329 542.7 225.9c8.6-8.5 11.7-21.2 7.9-32.7s-13.7-19.9-25.7-21.7L381.2 150.3 316.9 18z"
                    fill="currentColor"
                  />
                </svg>
                <svg
                  aria-hidden="true"
                  class="svg-inline--fa fa-star  css-86s11o"
                  data-icon="star"
                  data-prefix="fas"
                  focusable="false"
                  role="img"
                  viewBox="0 0 576 512"
                  xmlns="http://www.w3.org/2000/svg"
                >
                  <path
                    d="M316.9 18C311.6 7 300.4 0 288.1 0s-23.4 7-28.8 18L195 150.3 51.4 171.5c-12 1.8-22 10.2-25.7 21.7s-.7 24.2 7.9 32.7L137.8 329 113.2 474.7c-2 12 3 24.2 12.9 31.3s23 8 33.8 2.3l128.3-68.5 128.3 68.5c10.8 5.7 23.9 4.9 33.8-2.3s14.9-19.3 12.9-31.3L438.5 329 542.7 225.9c8.6-8.5 11.7-21.2 7.9-32.7s-13.7-19.9-25.7-21.7L381.2 150.3 316.9 18z"
                    fill="currentColor"
                  />
                </svg>
                <svg
                  aria-hidden="true"
                  class="svg-inline--fa fa-star-half  css-1p6kd4g"
                  data-icon="star-half"
                  data-prefix="fad"
                  focusable="false"
                  role="img"
                  viewBox="0 0 576 512"
                  xmlns="http://www.w3.org/2000/svg"
                >
                  <g
                    class="fa-duotone-group"
                  >
                    <path
                      class="fa-secondary"
                      d="M146.3 512C145.3 512.1 144.2 512.1 143.1 512H146.3zM288 439.8V-.0387L288.1-.0391C300.4-.0391 311.6 6.954 316.9 17.97L381.2 150.3L524.9 171.5C536.8 173.2 546.8 181.6 550.6 193.1C554.4 204.7 551.3 217.3 542.7 225.9L438.5 328.1L463.1 474.7C465.1 486.7 460.1 498.9 450.2 506C440.3 513.1 427.2 514 416.5 508.3L288.1 439.8L288 439.8z"
                      fill="currentColor"
                    />
                    <path
                      class="fa-primary"
                      d="M288 439.8L159.8 508.3C149 514 135.9 513.1 126 506C116.1 498.9 111.1 486.7 113.2 474.7L137.8 328.1L33.58 225.9C24.97 217.3 21.91 204.7 25.69 193.1C29.46 181.6 39.43 173.2 51.42 171.5L195 150.3L259.4 17.97C264.7 6.995 275.8 .0131 287.1-.0391L288 439.8zM433.2 512C432.1 512.1 431 512.1 429.9 512H433.2z"
                      fill="currentColor"
                    />
                  </g>
                </svg>
              </div>
              <p
                class="chakra-text css-itvw0n"
              >
                18
              </p>
            </div>
            <div
              class="css-1qc3xp7"
            >
              <div
                class="css-rzte29"
              >
                <div
                  class="css-zvlevn"
                >
                  5% Off
                </div>
              </div>
            </div>
          </div>
        </div>
        <div
          class="chakra-stack css-f4fjr9"
        >
          <div
            class="css-oazic6"
          >
            <p
              class="chakra-text css-wxbpi4"
              data-testid="price"
            >
              $5.00
            </p>
          </div>
          <div
            class="chakra-stack css-15cy0v5"
          >
            <a
              class="chakra-linkbox__overlay css-1hnz6hu"
              href="/products/galaxy-s9-plus-replacement-battery"
            >
              <div
                class="chakra-button css-1sntzjs"
              >
                View
              </div>
            </a>
          </div>
        </div>
      </div>
    </div>
  </article>
  <span
    hidden=""
    id="__chakra_env"
  />
</DocumentFragment>
`;
