// Jest Snapshot v1, https://goo.gl/fbAQLP

exports[`ProductListItem renders and matches the snapshot 1`] = `
<DocumentFragment>
  <article
    aria-labelledby="product-heading-galaxy-s9-plus-replacement-battery"
    class="chakra-linkbox css-hng3kb"
    role="group"
  >
    <div
      class="css-19p2217"
    >
      <div
        class="css-1vobfjw"
      >
        <div
          style="display: inline-block; max-width: 100%; overflow: hidden; position: relative; box-sizing: border-box; margin: 0px;"
        >
          <div
            style="box-sizing: border-box; display: block; max-width: 100%;"
          >
            <img
              alt=""
              aria-hidden="true"
              src="data:image/svg+xml;base64,PHN2ZyB3aWR0aD0iMTgwIiBoZWlnaHQ9IjE4MCIgeG1sbnM9Imh0dHA6Ly93d3cudzMub3JnLzIwMDAvc3ZnIiB2ZXJzaW9uPSIxLjEiLz4="
              style="max-width: 100%; display: block; margin: 0px; padding: 0px;"
            />
          </div>
          <img
            alt="Galaxy S9+ Battery"
            data-nimg="intrinsic"
            decoding="async"
            src="data:image/gif;base64,R0lGODlhAQABAIAAAAAAAP///yH5BAEAAAAALAAAAAABAAEAAAIBRAA7"
            style="position: absolute; top: 0px; left: 0px; bottom: 0px; right: 0px; box-sizing: border-box; padding: 0px; margin: auto; display: block; width: 0px; height: 0px; min-width: 100%; max-width: 100%; min-height: 100%; max-height: 100%; object-fit: contain;"
          />
          <noscript />
        </div>
      </div>
      <div
        class="chakra-stack css-azp3jj"
      >
        <div
          class="css-1kx59gv"
        >
          <h3
            class="chakra-heading css-duzb3d"
            id="product-heading-galaxy-s9-plus-replacement-battery"
          >
            Galaxy S9+ Battery
          </h3>
          <p
            class="chakra-text css-1emk585"
          >
            Replace a dead or malfunctioning model EB-BG96aasd5ABE battery in a Samsung Galaxy S9 Plus smartphone.
          </p>
          <div
            class="chakra-stack css-84zodg"
            data-testid="reviewStars"
          >
            <div
              class="chakra-stack css-193rmy8"
            >
              <svg
                class="css-6p0vz0"
                fill="currentColor"
                height="1em"
                stroke="currentColor"
                stroke-width="0"
                viewBox="0 0 576 512"
                width="1em"
                xmlns="http://www.w3.org/2000/svg"
              >
                <path
                  d="M259.3 17.8L194 150.2 47.9 171.5c-26.2 3.8-36.7 36.1-17.7 54.6l105.7 103-25 145.5c-4.5 26.3 23.2 46 46.4 33.7L288 439.6l130.7 68.7c23.2 12.2 50.9-7.4 46.4-33.7l-25-145.5 105.7-103c19-18.5 8.5-50.8-17.7-54.6L382 150.2 316.7 17.8c-11.7-23.6-45.6-23.9-57.4 0z"
                />
              </svg>
              <svg
                class="css-6p0vz0"
                fill="currentColor"
                height="1em"
                stroke="currentColor"
                stroke-width="0"
                viewBox="0 0 576 512"
                width="1em"
                xmlns="http://www.w3.org/2000/svg"
              >
                <path
                  d="M259.3 17.8L194 150.2 47.9 171.5c-26.2 3.8-36.7 36.1-17.7 54.6l105.7 103-25 145.5c-4.5 26.3 23.2 46 46.4 33.7L288 439.6l130.7 68.7c23.2 12.2 50.9-7.4 46.4-33.7l-25-145.5 105.7-103c19-18.5 8.5-50.8-17.7-54.6L382 150.2 316.7 17.8c-11.7-23.6-45.6-23.9-57.4 0z"
                />
              </svg>
              <svg
                class="css-6p0vz0"
                fill="currentColor"
                height="1em"
                stroke="currentColor"
                stroke-width="0"
                viewBox="0 0 576 512"
                width="1em"
                xmlns="http://www.w3.org/2000/svg"
              >
                <path
                  d="M259.3 17.8L194 150.2 47.9 171.5c-26.2 3.8-36.7 36.1-17.7 54.6l105.7 103-25 145.5c-4.5 26.3 23.2 46 46.4 33.7L288 439.6l130.7 68.7c23.2 12.2 50.9-7.4 46.4-33.7l-25-145.5 105.7-103c19-18.5 8.5-50.8-17.7-54.6L382 150.2 316.7 17.8c-11.7-23.6-45.6-23.9-57.4 0z"
                />
              </svg>
              <svg
                class="css-6p0vz0"
                fill="currentColor"
                height="1em"
                stroke="currentColor"
                stroke-width="0"
                viewBox="0 0 576 512"
                width="1em"
                xmlns="http://www.w3.org/2000/svg"
              >
                <path
                  d="M259.3 17.8L194 150.2 47.9 171.5c-26.2 3.8-36.7 36.1-17.7 54.6l105.7 103-25 145.5c-4.5 26.3 23.2 46 46.4 33.7L288 439.6l130.7 68.7c23.2 12.2 50.9-7.4 46.4-33.7l-25-145.5 105.7-103c19-18.5 8.5-50.8-17.7-54.6L382 150.2 316.7 17.8c-11.7-23.6-45.6-23.9-57.4 0z"
                />
              </svg>
              <div
                class="css-k008qs"
              >
                <svg
                  class="css-15nhrxw"
                  fill="currentColor"
                  height="1em"
                  stroke="currentColor"
                  stroke-width="0"
                  viewBox="0 0 576 512"
                  width="1em"
                  xmlns="http://www.w3.org/2000/svg"
                >
                  <path
                    d="M288 0c-11.4 0-22.8 5.9-28.7 17.8L194 150.2 47.9 171.4c-26.2 3.8-36.7 36.1-17.7 54.6l105.7 103-25 145.5c-4.5 26.1 23 46 46.4 33.7L288 439.6V0z"
                  />
                </svg>
                <svg
                  class="css-1g2soo"
                  fill="currentColor"
                  height="1em"
                  stroke="currentColor"
                  stroke-width="0"
                  viewBox="0 0 576 512"
                  width="1em"
                  xmlns="http://www.w3.org/2000/svg"
                >
                  <path
                    d="M288 0c-11.4 0-22.8 5.9-28.7 17.8L194 150.2 47.9 171.4c-26.2 3.8-36.7 36.1-17.7 54.6l105.7 103-25 145.5c-4.5 26.1 23 46 46.4 33.7L288 439.6V0z"
                  />
                </svg>
              </div>
            </div>
            <p
              class="chakra-text css-xh8f59"
            >
              18
            </p>
          </div>
          <div
            class="css-14us8ue"
          >
            <span
              class="chakra-badge css-1l0yll"
            >
              5% Off
            </span>
          </div>
        </div>
        <div
          class="chakra-stack css-1x25lam"
        >
          <div
            class="chakra-stack css-1wwkyaq"
          >
            <p
              class="chakra-text css-12jr671"
              data-testid="product-price"
            >
              $5
            </p>
            <p
              class="chakra-text css-m9wb1i"
              data-testid="product-compared-at-price"
            >
              $5
            </p>
          </div>
          <div
            class="chakra-stack css-1dz9rto"
          >
            <a
              class="chakra-linkbox__overlay css-kvj8dg"
              href="https://www.cominor.com/Store/Android/Galaxy-S9-Battery/IF404-007?o=4"
            >
              <div
                class="chakra-button css-1xl7ue1"
              >
                View
              </div>
            </a>
          </div>
        </div>
      </div>
    </div>
  </article>
</DocumentFragment>
`;
